
  .   ____          _            __ _ _
 /\\ / ___'_ __ _ _(_)_ __  __ _ \ \ \ \
( ( )\___ | '_ | '_| | '_ \/ _` | \ \ \ \
 \\/  ___)| |_)| | | | | || (_| |  ) ) ) )
  '  |____| .__|_| |_|_| |_\__, | / / / /
 =========|_|==============|___/=/_/_/_/

 :: Spring Boot ::                (v3.4.4)

2025-09-12T08:37:36.898Z  INFO 317429 --- [           main] com.icar.platform.PlatformApplication    : Starting PlatformApplication v0.0.1-SNAPSHOT using Java 21.0.8 with PID 317429 (/opt/icarplus/backend/target/plataform-0.0.1-SNAPSHOT.jar started by felipe in /opt/icarplus/backend)
2025-09-12T08:37:36.902Z  INFO 317429 --- [           main] com.icar.platform.PlatformApplication    : The following 1 profile is active: "production"
2025-09-12T08:37:38.954Z  INFO 317429 --- [           main] .s.d.r.c.RepositoryConfigurationDelegate : Bootstrapping Spring Data JPA repositories in DEFAULT mode.
2025-09-12T08:37:39.183Z  INFO 317429 --- [           main] .s.d.r.c.RepositoryConfigurationDelegate : Finished Spring Data repository scanning in 216 ms. Found 24 JPA repository interfaces.
2025-09-12T08:37:40.056Z  INFO 317429 --- [           main] o.s.b.w.embedded.tomcat.TomcatWebServer  : Tomcat initialized with port 8080 (http)
2025-09-12T08:37:40.075Z  INFO 317429 --- [           main] o.apache.catalina.core.StandardService   : Starting service [Tomcat]
2025-09-12T08:37:40.076Z  INFO 317429 --- [           main] o.apache.catalina.core.StandardEngine    : Starting Servlet engine: [Apache Tomcat/10.1.39]
2025-09-12T08:37:40.110Z  INFO 317429 --- [           main] o.a.c.c.C.[Tomcat].[localhost].[/]       : Initializing Spring embedded WebApplicationContext
2025-09-12T08:37:40.112Z  INFO 317429 --- [           main] w.s.c.ServletWebServerApplicationContext : Root WebApplicationContext: initialization completed in 3101 ms
2025-09-12T08:37:40.492Z  INFO 317429 --- [           main] com.zaxxer.hikari.HikariDataSource       : HikariPool-1 - Starting...
2025-09-12T08:37:40.971Z  INFO 317429 --- [           main] com.zaxxer.hikari.pool.HikariPool        : HikariPool-1 - Added connection org.postgresql.jdbc.PgConnection@315cf170
2025-09-12T08:37:40.973Z  INFO 317429 --- [           main] com.zaxxer.hikari.HikariDataSource       : HikariPool-1 - Start completed.
2025-09-12T08:37:40.996Z  INFO 317429 --- [           main] o.f.c.i.resource.ResourceNameValidator   : 5 SQL migrations were detected but not run because they did not follow the filename convention.
2025-09-12T08:37:40.996Z  INFO 317429 --- [           main] o.f.c.i.resource.ResourceNameValidator   : Set 'validateMigrationNaming' to true to fail fast and see a list of the invalid file names.
2025-09-12T08:37:41.002Z  INFO 317429 --- [           main] org.flywaydb.core.FlywayExecutor         : Database: jdbc:postgresql://212.85.1.32:5432/icar_platforms (PostgreSQL 16.10)
2025-09-12T08:37:41.099Z  INFO 317429 --- [           main] o.f.core.internal.command.DbValidate     : Successfully validated 74 migrations (execution time 00:00.066s)
2025-09-12T08:37:41.155Z  INFO 317429 --- [           main] o.f.core.internal.command.DbMigrate      : Current version of schema "public": 80
2025-09-12T08:37:41.159Z  INFO 317429 --- [           main] o.f.core.internal.command.DbMigrate      : Schema "public" is up to date. No migration necessary.
2025-09-12T08:37:41.335Z  INFO 317429 --- [           main] o.hibernate.jpa.internal.util.LogHelper  : HHH000204: Processing PersistenceUnitInfo [name: default]
2025-09-12T08:37:41.425Z  INFO 317429 --- [           main] org.hibernate.Version                    : HHH000412: Hibernate ORM core version 6.6.11.Final
2025-09-12T08:37:41.447Z  INFO 317429 --- [           main] o.h.spatial.integration.SpatialService   : HHH80000001: hibernate-spatial integration enabled : true
2025-09-12T08:37:41.502Z  INFO 317429 --- [           main] o.h.c.internal.RegionFactoryInitiator    : HHH000026: Second-level cache disabled
2025-09-12T08:37:41.771Z  INFO 317429 --- [           main] org.hibernate.orm.connections.pooling    : HHH10001005: Database info:
	Database JDBC URL [Connecting through datasource 'HikariDataSource (HikariPool-1)']
	Database driver: undefined/unknown
	Database version: 16.10
	Autocommit mode: undefined/unknown
	Isolation level: undefined/unknown
	Minimum pool size: undefined/unknown
	Maximum pool size: undefined/unknown
2025-09-12T08:37:41.784Z  INFO 317429 --- [           main] org.hibernate.spatial                    : HHH80000003: hibernate-spatial adding type contributions from : org.hibernate.spatial.dialect.postgis.PostgisDialectContributor
2025-09-12T08:37:42.102Z  INFO 317429 --- [           main] o.s.o.j.p.SpringPersistenceUnitInfo      : No LoadTimeWeaver setup: ignoring JPA class transformer
2025-09-12T08:37:42.132Z  INFO 317429 --- [           main] org.hibernate.spatial                    : HHH80000003: hibernate-spatial adding type contributions from : org.hibernate.spatial.dialect.postgis.PostgisDialectContributor
2025-09-12T08:37:42.901Z  INFO 317429 --- [           main] org.hibernate.spatial                    : HHH80000004: hibernate-spatial adding function contributions from : org.hibernate.spatial.dialect.postgis.PostgisDialectContributor
2025-09-12T08:37:44.127Z  INFO 317429 --- [           main] o.h.e.t.j.p.i.JtaPlatformInitiator       : HHH000489: No JTA platform available (set 'hibernate.transaction.jta.platform' to enable JTA platform integration)
2025-09-12T08:37:44.130Z  INFO 317429 --- [           main] j.LocalContainerEntityManagerFactoryBean : Initialized JPA EntityManagerFactory for persistence unit 'default'
2025-09-12T08:37:44.537Z  INFO 317429 --- [           main] o.s.d.j.r.query.QueryEnhancerFactory     : Hibernate is in classpath; If applicable, HQL parser will be used.
2025-09-12T08:37:47.122Z  WARN 317429 --- [           main] JpaBaseConfiguration$JpaWebConfiguration : spring.jpa.open-in-view is enabled by default. Therefore, database queries may be performed during view rendering. Explicitly configure spring.jpa.open-in-view to disable this warning
2025-09-12T08:37:47.159Z  INFO 317429 --- [           main] eAuthenticationProviderManagerConfigurer : Global AuthenticationManager configured with AuthenticationProvider bean with name authenticationProvider
2025-09-12T08:37:47.160Z  WARN 317429 --- [           main] r$InitializeUserDetailsManagerConfigurer : Global AuthenticationManager configured with an AuthenticationProvider bean. UserDetailsService beans will not be used by Spring Security for automatically configuring username/password login. Consider removing the AuthenticationProvider bean. Alternatively, consider using the UserDetailsService in a manually instantiated DaoAuthenticationProvider. If the current configuration is intentional, to turn off this warning, increase the logging level of 'org.springframework.security.config.annotation.authentication.configuration.InitializeUserDetailsBeanManagerConfigurer' to ERROR
2025-09-12T08:37:48.104Z  INFO 317429 --- [           main] o.s.b.w.embedded.tomcat.TomcatWebServer  : Tomcat started on port 8080 (http) with context path '/'
2025-09-12T08:37:48.123Z  INFO 317429 --- [           main] com.icar.platform.PlatformApplication    : Started PlatformApplication in 11.949 seconds (process running for 12.862)
2025-09-12T08:38:51.753Z  INFO 317429 --- [0.0-8080-exec-2] o.a.c.c.C.[Tomcat].[localhost].[/]       : Initializing Spring DispatcherServlet 'dispatcherServlet'
2025-09-12T08:38:51.754Z  INFO 317429 --- [0.0-8080-exec-2] o.s.web.servlet.DispatcherServlet        : Initializing Servlet 'dispatcherServlet'
2025-09-12T08:38:51.756Z  INFO 317429 --- [0.0-8080-exec-2] o.s.web.servlet.DispatcherServlet        : Completed initialization in 1 ms
2025-09-12T08:40:31.617Z  WARN 317429 --- [0.0-8080-exec-6] o.s.web.servlet.PageNotFound             : Request method 'GET' is not supported
